1>Insertado al final.
2>Longitud: 1
3>loc al inicio.
4>loc válido.
5>(5,a)
6>loc pertenece a cad.
7>Removido.
8>loc al inicio.
9>loc no válido.
10>
11>Estructuras reiniciadas.
12>Son iguales.
13>No son iguales.
14>loc al inicio.
15>Segmento insertado después de loc.
16>Longitud: 3
17>loc al inicio.
18>Insertado antes de loc.
19>(1,a)(6,f)(7,g)(8,h)
20>cad ordenada.
21>loc en la posición 2.
22>Insertado antes de loc.
23>Longitud: 5
24>(1,a)(2,b)(6,f)(7,g)(8,h)
25>loc no es incio de cad.
26>loc no es final de cad.
27>(6,f)
28>loc al siguiente.
29>loc al siguiente.
30>loc es final de cad.
31>(8,h)
32>loc avanzó hasta el menor.
33>(8,h)
34>(6,f)
35>(1,a)(2,b)(6,f)(7,g)(8,h)
36>Fin.
